// Jest Snapshot v1, https://goo.gl/fbAQLP

exports[`Modal renders nothing when closed 1`] = `ShallowWrapper {}`;

exports[`Modal renders when open 1`] = `ShallowWrapper {}`;
